// Jest Snapshot v1, https://goo.gl/fbAQLP

exports[`Component renders correctly 1`] = `
<div
  className="home"
>
  <h1>
    Welcome To my Calculator
  </h1>
  <p>
    On this page you will find an online calculator that was build with React
  </p>
</div>
`;
